node.exe : D:\Dev\DATN\datn-soc
ial\backend\node_modules\ts-nod
e\src\index.ts:859
At line:1 char:1
+ & "C:\Program 
Files\nodejs/node.exe" 
"C:\Program 
Files\nodejs/node_mo ...
+ ~~~~~~~~~~~~~~~~~~~~~~~~~~~~~
~~~~~~~~~~~~~~~~~~~~~~~~~~~~~~~
~~~~~~~~~
    + CategoryInfo          :  
   NotSpecified: (D:\Dev\DATN  
  \dat...rc\index.ts:859:Str   
 ing) [], RemoteException
    + FullyQualifiedErrorId :  
   NativeCommandError
 
    return new 
TSError(diagnosticText, 
diagnosticCodes, diagnostics);
           ^
TSError: Γ¿» Unable to compile 
TypeScript:
test-db.ts(8,29): error 
TS2307: Cannot find module './s
rc/modules/post/post-hashtag.en
tity' or its corresponding 
type declarations.
test-db.ts(9,29): error 
TS2307: Cannot find module './s
rc/modules/post/post-mention.en
tity' or its corresponding 
type declarations.
test-db.ts(10,23): error 
TS2307: Cannot find module './s
rc/modules/post/media.entity' 
or its corresponding type 
declarations.
test-db.ts(15,41): error 
TS2307: Cannot find module './s
rc/modules/chat/entities/conver
sation-participant.entity' or 
its corresponding type 
declarations.
test-db.ts(17,25): error 
TS2307: Cannot find module './s
rc/modules/post/hashtag.entity'
 or its corresponding type 
declarations.

    at createTSError (D:\Dev\DA
TN\datn-social\backend\node_mod
ules\ts-node\src\index.ts:859:1
2)
    at reportTSError (D:\Dev\DA
TN\datn-social\backend\node_mod
ules\ts-node\src\index.ts:863:1
9)
    at getOutput (D:\Dev\DATN\d
atn-social\backend\node_modules
\ts-node\src\index.ts:1077:36)
    at Object.compile (D:\Dev\D
ATN\datn-social\backend\node_mo
dules\ts-node\src\index.ts:1433
:41)
    at Module.m._compile (D:\De
v\DATN\datn-social\backend\node
_modules\ts-node\src\index.ts:1
617:30)
    at node:internal/modules/cj
s/loader:1893:10
    at Object.require.extension
s.<computed> [as .ts] (D:\Dev\D
ATN\datn-social\backend\node_mo
dules\ts-node\src\index.ts:1621
:12)
    at Module.load (node:intern
al/modules/cjs/loader:1481:32)
    at Module._load (node:inter
nal/modules/cjs/loader:1300:12)
    at 
TracingChannel.traceSync (node:
diagnostics_channel:328:14) {
  diagnosticCodes: [ 2307, 
2307, 2307, 2307, 2307 ]
}
